-1
0
I_am_the_admin 奥斯卡 foo@bar.com 10
-1
0
-1
-1
-1
-1
-1
-1
-1
-1
-1
-1
0
Greyy 格雷 Czar.Metternich@and.Guizot 4
Blaze 煌煌 of.a.series@of.revolutions 4
Greyy 格雷 Czar.Metternich@and.Guizot 4
-1
0
0
Greyy 格雷 Czar.Metternich@and.Guizot 4
-1
-1
Beagle 米格 feudal.ties@that.bound 4
-1
0
-1
-1
-1
Beagle 米格 feudal.ties@that.bound 4
Nightmare 夜魔 policespies@Where.is 3
-1
-1
-1
-1
Beagle 米格 feudal.ties@that.bound 4
-1
-1
0
-1
-1
0
-1
-1
-1
-1
-1
0
-1
-1
-1
-1
-1
-1
0
-1
0
-1
Manticore 狮蝎 other.nexus@between.man 2
-1
-1
Beagle 米格 feudal.ties@that.bound 4
-1
0
-1
0
-1
-1
-1
Greyy 格雷 Czar.Metternich@and.Guizot 4
Hibiscus 芙蓉 Communistic@by.its 1
0
-1
-1
-1
0
-1
-1
-1
Manticore 狮蝎 other.nexus@between.man 2
-1
-1
Broca 布洛 independent@urban.republic 1
-1
-1
0
-1
-1
-1
-1
-1
-1
-1
-1
-1
-1
0
-1
-1
-1
-1
0
-1
0
-1
0
-1
-1
-1
-1
-1
-1
-1
-1
-1
-1
Yato 夜刀 meet.this.nursery@tale.of 3
-1
-1
-1
0
Haze 夜烟 result.from@this.fact 1
-1
-1
-1
-1
-1
0
-1
-1
Meteorite 陨星 thereby.to@the.revolutionary 3
-1
0
-1
0
-1
-1
-1
Plume 翎羽 serf.guildmaster@and.journeyma 2
-1
-1
-1
-1
0
-1
0
GreyThroat 灰喉 Freeman.and@slave.patrician 1
-1
0
-1
-1
1
LeavesofGrass 广东省四会市 08-02 15:39 -> 新疆伊宁市 08-03 08:52 2829 34612
1
LeavesofGrass 河北省河间市 08-04 18:11 -> 河南省灵宝市 08-04 23:39 1135 15871
-1
-1
-1
queue
queue
-1
-1
-1
-1
-1
-1
-1
0
-1
0
Hibiscus 芙蓉 Communistic@by.its 1
-1
0
-1
-1
0
-1
-1
Hung 吽吽 itself.a.Power@II.It 1
-1
-1
0
Ansel 安赛尔 now.open.fight@a.fight 2
-1
-1
Hoshiguma 星熊 is.high.time@that.Communists 2
1
LeavesofGrass 广东省花都市 07-03 01:43 -> 浙江省慈溪市 07-03 09:48 897 391
1
LeavesofGrass 新疆塔城市 07-06 07:38 -> 河北省河间市 07-06 18:01 1851 1970
-1
0
-1
1
LeavesofGrass 浙江省杭州市 07-04 11:52 -> 河南省灵宝市 07-04 23:39 2295 24
Ansel 安赛尔 now.open.fight@a.fight 2
queue
-1
-1
1
LeavesofGrass 新疆塔城市 07-01 07:38 -> 浙江省慈溪市 07-02 09:48 3997 1861
-1
1
LeavesofGrass 广东省花都市 07-14 01:43 -> 浙江省慈溪市 07-14 09:48 897 771
-1
queue
Greyy 格雷 Czar.Metternich@and.Guizot 4
1
LeavesofGrass 浙江省平湖市 07-28 08:59 -> 辽宁省抚顺市 07-28 14:21 802 44591
-1
Conviction 断罪 vanished.in@the.face 2
1
LeavesofGrass 新疆塔城市 07-03 07:38 -> 广东省花都市 07-04 01:39 3100 901
1
LeavesofGrass 辽宁省抚顺市 07-02 14:24 -> 新疆博乐市 07-03 06:04 2432 391
-1
-1
0
1
LeavesofGrass 河北省河间市 07-31 18:11 -> 河南省灵宝市 07-31 23:39 1135 228
queue
queue
-1
1
LeavesofGrass 新疆塔城市 08-04 07:38 -> 黑龙江省海林市 08-04 22:46 2486 29933
1
LeavesofGrass 河北省河间市 07-27 18:11 -> 新疆博乐市 07-28 06:04 1674 1574
-1
-1
1
LeavesofGrass 浙江省平湖市 07-13 08:59 -> 辽宁省抚顺市 07-13 14:21 802 25322
queue
-1
-1
0
queue
-1
1
LeavesofGrass 陕西省安康市 07-25 17:25 -> 河南省灵宝市 07-25 23:39 1160 969
-1
1
LeavesofGrass 浙江省平湖市 08-01 08:59 -> 黑龙江省海林市 08-01 22:46 2195 2276
-1
-1
-1
-1
1
LeavesofGrass 浙江省杭州市 07-31 11:52 -> 广东省四会市 07-31 15:34 407 46165
-1
Rangers 巡林 arrangement@of.society 3
1
LeavesofGrass 广东省四会市 07-21 15:39 -> 宁夏石嘴山市 07-21 19:18 974 21252
1
LeavesofGrass 浙江省杭州市 07-01 11:52 -> 黑龙江省海林市 07-01 22:46 1795 1861
-1
-1
0
1
LeavesofGrass 河南省偃师市 07-10 03:31 -> 新疆博乐市 07-10 06:04 193 23138
queue
16968516
1
LeavesofGrass 广东省四会市 07-24 15:39 -> 福建省建阳市 07-24 21:14 1374 73
queue
-1
-1
3889350
-1
-1
-1
-1
FEater 食铁兽 the.worldmarket@conquered.for 1
FEater 食铁兽 the.worldmarket@conquered.for 1
-1
-1
Specter 幽灵鲨 has.put.an@end.to 1
-1
-1
-1
-1
Magallan 麦哲 existing.societies@is.the 1
Bagpipe 风笛 bourgeoisie@is.itself 2
1
LeavesofGrass 河北省河间市 07-15 18:11 -> 新疆伊宁市 07-16 08:52 2076 1023
1
LeavesofGrass 广东省四会市 07-25 15:39 -> 湖南省衡阳市 07-25 16:17 240 969
1
LeavesofGrass 河北省河间市 07-08 18:11 -> 新疆伊宁市 07-09 08:52 2076 152
1
LeavesofGrass 黑龙江省海林市 07-26 22:56 -> 河南省灵宝市 07-26 23:39 500 29434
-1
0
Sussurro 苏苏 to.industry@an.impulse 2
-1
-1
Greyy 格雷 Czar.Metternich@and.Guizot 4
-1
queue
Provence 普罗旺 face.of.the@whole.world 1
1
LeavesofGrass 黑龙江省海林市 07-22 22:56 -> 广东省花都市 07-23 01:39 614 1174
1
LeavesofGrass 湖南省衡阳市 07-31 16:20 -> 陕西省安康市 07-31 17:15 488 23182
1
LeavesofGrass 新疆塔城市 07-21 07:38 -> 陕西省安康市 07-21 17:15 1826 26734
-1
-1
queue
-1
-1
1
LeavesofGrass 广东省四会市 07-12 15:39 -> 浙江省慈溪市 07-13 09:48 2899 104
-1
-1
-1
-1
1
LeavesofGrass 黑龙江省海林市 07-05 22:56 -> 河南省偃师市 07-06 03:28 846 31522
-1
0
19
[pending] LeavesofGrass 新疆塔城市 07-07 07:38 -> 浙江省平湖市 07-07 08:52 291 13211
[pending] LeavesofGrass 陕西省安康市 07-13 17:25 -> 浙江省慈溪市 07-14 09:48 2171 22905
[pending] LeavesofGrass 浙江省杭州市 07-14 11:52 -> 广东省四会市 07-14 15:34 407 1628
[pending] LeavesofGrass 新疆塔城市 07-10 07:38 -> 新疆伊宁市 07-11 08:52 3927 9811
[pending] LeavesofGrass 陕西省安康市 07-13 17:25 -> 浙江省慈溪市 07-14 09:48 2171 22905
[pending] LeavesofGrass 浙江省杭州市 07-25 11:52 -> 福建省建阳市 07-25 21:14 1781 8477
[success] LeavesofGrass 浙江省杭州市 07-14 11:52 -> 广东省四会市 07-14 15:34 407 1628
[success] LeavesofGrass 新疆塔城市 07-07 07:38 -> 浙江省平湖市 07-07 08:52 291 13211
[pending] LeavesofGrass 陕西省安康市 07-13 17:25 -> 浙江省慈溪市 07-14 09:48 2171 22905
[success] LeavesofGrass 新疆塔城市 07-10 07:38 -> 新疆伊宁市 07-11 08:52 3927 9811
[success] LeavesofGrass 新疆塔城市 07-10 07:38 -> 新疆伊宁市 07-11 08:52 3927 9811
[success] LeavesofGrass 浙江省杭州市 07-25 11:52 -> 福建省建阳市 07-25 21:14 1781 8477
[success] LeavesofGrass 浙江省杭州市 07-25 11:52 -> 福建省建阳市 07-25 21:14 1781 8477
[success] LeavesofGrass 福建省建阳市 07-20 21:19 -> 河南省偃师市 07-21 03:28 860 7879
[success] LeavesofGrass 河北省河间市 07-12 18:11 -> 黑龙江省海林市 07-12 22:46 635 8885
[success] LeavesofGrass 福建省建阳市 07-20 21:19 -> 河南省偃师市 07-21 03:28 860 7879
[success] LeavesofGrass 河北省河间市 07-12 18:11 -> 黑龙江省海林市 07-12 22:46 635 8885
[success] LeavesofGrass 浙江省杭州市 07-14 11:52 -> 广东省四会市 07-14 15:34 407 1628
[success] LeavesofGrass 浙江省杭州市 07-14 11:52 -> 广东省四会市 07-14 15:34 407 1628
-1
-1
-1
queue
-1
1
LeavesofGrass 河北省河间市 07-24 18:11 -> 宁夏石嘴山市 07-24 19:18 221 73
1
LeavesofGrass 新疆塔城市 07-24 07:38 -> 广东省花都市 07-25 01:39 3100 29
-1
1
LeavesofGrass 浙江省平湖市 07-29 08:59 -> 新疆伊宁市 07-30 08:52 3636 1679
-1
Durnar 坚雷 adversaries@Two.things 1
-1
0
1
LeavesofGrass 浙江省平湖市 07-02 08:59 -> 新疆博乐市 07-03 06:04 3234 391
-1
Meteorite 陨星 thereby.to@the.revolutionary 3
1
LeavesofGrass 福建省建阳市 06-28 21:19 -> 河南省偃师市 06-29 03:28 860 384
-1
0
queue
Provence 普罗旺 face.of.the@whole.world 1
1
LeavesofGrass 河南省偃师市 07-05 03:31 -> 浙江省慈溪市 07-05 09:48 665 3639
1
LeavesofGrass 广东省四会市 07-10 15:39 -> 福建省建阳市 07-10 21:14 1374 727
queue
-1
Ceylon 锡兰 the.contending@classes.In 1
Firewatch 守林人 opponents.in@power.Where 2
WaaiFu 槐琥 French.Radicals@and.German 2
Hibiscus 芙蓉 Communistic@by.its 1
1
LeavesofGrass 宁夏石嘴山市 07-03 19:25 -> 河南省灵宝市 07-03 23:39 914 901
1
LeavesofGrass 新疆塔城市 07-27 07:38 -> 河南省偃师市 07-28 03:28 3332 1574
-1
-1
0
-1
1
LeavesofGrass 黑龙江省海林市 07-27 22:56 -> 河南省偃师市 07-28 03:28 846 1574
Haze 夜烟 result.from@this.fact 1
1
LeavesofGrass 新疆塔城市 07-25 07:38 -> 广东省四会市 07-25 15:34 1098 42469
Hibiscus 芙蓉 Communistic@by.its 1
Cliffheart 崖心 in.London.and@sketched.the 1
1
LeavesofGrass 新疆塔城市 07-30 07:38 -> 河南省灵宝市 07-30 23:39 2986 1248
1
LeavesofGrass 河北省河间市 07-24 18:11 -> 河南省偃师市 07-25 03:28 1481 29
queue
1
LeavesofGrass 广东省四会市 07-01 15:39 -> 陕西省安康市 07-01 17:15 728 7367
-1
0
-1
1
LeavesofGrass 陕西省安康市 07-07 17:25 -> 黑龙江省海林市 07-07 22:46 660 1120
-1
-1
Plume 翎羽 serf.guildmaster@and.journeyma 2
-1
-1
Meteorite 陨星 thereby.to@the.revolutionary 3
queue
-1
-1
WaaiFu 槐琥 French.Radicals@and.German 2
1
LeavesofGrass 新疆塔城市 07-22 07:38 -> 广东省花都市 07-23 01:39 3100 934
Haze 夜烟 result.from@this.fact 1
-1
0
Purestream 清流 party.itself@To.this 1
-1
-1
0
-1
1
LeavesofGrass 陕西省安康市 07-18 17:25 -> 黑龙江省海林市 07-18 22:46 660 18625
Nearl 临光 history.we@find.almost 1
-1
0
-1
0
1
LeavesofGrass 湖南省衡阳市 07-23 16:20 -> 陕西省安康市 07-23 17:15 488 16357
1
LeavesofGrass 浙江省杭州市 07-31 11:52 -> 陕西省安康市 07-31 17:15 1135 23182
Hibiscus 芙蓉 Communistic@by.its 1
queue
queue
-1
-1
1
LeavesofGrass 福建省建阳市 07-21 21:19 -> 新疆博乐市 07-22 06:04 1053 3781
-1
-1
-1
queue
-1
1
LeavesofGrass 浙江省杭州市 07-20 11:52 -> 陕西省安康市 07-20 17:15 1135 48418
1
LeavesofGrass 新疆博乐市 08-02 06:11 -> 浙江省慈溪市 08-02 09:48 472 64429
0
1
LeavesofGrass 河南省灵宝市 07-24 23:45 -> 新疆博乐市 07-25 06:04 539 29
queue
-1
-1
-1
-1
-1
1
LeavesofGrass 陕西省安康市 07-26 17:25 -> 宁夏石嘴山市 07-26 19:18 246 8987
0
1
LeavesofGrass 浙江省平湖市 08-01 08:59 -> 新疆博乐市 08-02 06:04 3234 2276
queue
-1
Nightmare 夜魔 policespies@Where.is 3
2359158
3140072
-1
-1
0
1
LeavesofGrass 福建省建阳市 07-19 21:19 -> 广东省花都市 07-20 01:39 628 512
1
LeavesofGrass 新疆塔城市 07-22 07:38 -> 广东省四会市 07-22 15:34 1098 32951
-1
1
LeavesofGrass 新疆塔城市 07-29 07:38 -> 宁夏石嘴山市 07-29 19:18 2072 6744
1
LeavesofGrass 陕西省安康市 07-18 17:25 -> 广东省花都市 07-19 01:39 1274 18625
-1
-1
1
LeavesofGrass 新疆塔城市 08-03 07:38 -> 浙江省杭州市 08-03 11:46 691 56371
1
LeavesofGrass 宁夏石嘴山市 06-29 19:25 -> 广东省花都市 06-30 01:39 1028 2311
-1
Snowsant 雪雉 new.forms.of@struggle.in 2
Ceylon 锡兰 the.contending@classes.In 1
-1
0
queue
-1
0
1
LeavesofGrass 新疆塔城市 06-28 07:38 -> 辽宁省抚顺市 06-28 14:21 1093 35525
-1
-1
-1
-1
0
-1
1
LeavesofGrass 辽宁省抚顺市 08-01 14:24 -> 广东省花都市 08-02 01:39 2007 2276
-1
-1
-1
-1
Jessica 杰西卡 has.not.been@decried.as 2
-1
0
WaaiFu 槐琥 French.Radicals@and.German 2
1
LeavesofGrass 广东省四会市 07-12 15:39 -> 河南省偃师市 07-13 03:28 2234 104
1
LeavesofGrass 浙江省杭州市 07-04 11:52 -> 河北省河间市 07-04 18:01 1160 24
queue
queue
-1
-1
1
LeavesofGrass 新疆塔城市 07-14 07:38 -> 河南省偃师市 07-15 03:28 3332 315
1
LeavesofGrass 浙江省杭州市 07-18 11:52 -> 河南省偃师市 07-19 03:28 2641 12444
1
LeavesofGrass 陕西省安康市 08-01 17:25 -> 新疆伊宁市 08-02 08:52 2101 3629
-1
WaaiFu 槐琥 French.Radicals@and.German 2
1
LeavesofGrass 河北省河间市 07-05 18:11 -> 浙江省慈溪市 07-06 09:48 2146 408
1
LeavesofGrass 浙江省杭州市 07-27 11:52 -> 河南省偃师市 07-28 03:28 2641 466
-1
1
LeavesofGrass 浙江省平湖市 07-30 08:59 -> 新疆伊宁市 07-31 08:52 3636 1248
queue
6578400
-1
-1
1
LeavesofGrass 黑龙江省海林市 06-28 22:56 -> 河南省偃师市 06-29 03:28 846 384
Jessica 杰西卡 has.not.been@decried.as 2
0
0
Earthspirit 地灵 of.the.monarchy@as.in 3
1
LeavesofGrass 辽宁省抚顺市 07-23 14:24 -> 河南省偃师市 07-24 03:28 2239 183
-1
-1
1
LeavesofGrass 新疆塔城市 07-21 07:38 -> 新疆伊宁市 07-22 08:52 3927 3781
1
LeavesofGrass 河北省河间市 07-21 18:11 -> 河南省偃师市 07-22 03:28 1481 3781
1
LeavesofGrass 河北省河间市 07-05 18:11 -> 黑龙江省海林市 07-05 22:46 635 408
-1
-1
-1
-1
1
LeavesofGrass 陕西省安康市 07-06 17:25 -> 福建省建阳市 07-06 21:14 646 4785
Platinum 白金 each.other@Bourgeoisie.and 2
Ifrit 伊芙利特 one.another@carried.on 2
-1
-1
queue
-1
-1
1
LeavesofGrass 新疆塔城市 07-30 07:38 -> 浙江省杭州市 07-30 11:46 691 79670
Shining 闪灵 the.Spectre@of.Communism 2
queue
queue
1
LeavesofGrass 福建省建阳市 07-17 21:19 -> 河南省偃师市 07-18 03:28 860 41192
1
LeavesofGrass 浙江省杭州市 07-19 11:52 -> 河南省偃师市 07-20 03:28 2641 73
-1
1
LeavesofGrass 辽宁省抚顺市 07-08 14:24 -> 新疆博乐市 07-09 06:04 2432 152
1
LeavesofGrass 河南省灵宝市 07-06 23:45 -> 河南省偃师市 07-07 03:28 346 1280
Leizi 惊蛰 this.spectre@Pope.and 1
queue
394584
1
LeavesofGrass 浙江省平湖市 07-31 08:59 -> 广东省花都市 08-01 01:39 2809 228
-1
0
1
LeavesofGrass 宁夏石嘴山市 07-12 19:25 -> 新疆博乐市 07-13 06:04 1453 104
-1
1
LeavesofGrass 新疆塔城市 07-23 07:38 -> 河北省河间市 07-23 18:01 1851 183
-1
-1
-1
1
LeavesofGrass 辽宁省抚顺市 07-02 14:24 -> 河南省偃师市 07-03 03:28 2239 391
-1
1
LeavesofGrass 浙江省平湖市 07-19 08:59 -> 浙江省杭州市 07-19 11:46 400 47244
1
LeavesofGrass 浙江省平湖市 07-30 08:59 -> 广东省四会市 07-30 15:34 807 51706
-1
1
LeavesofGrass 河南省偃师市 07-03 03:31 -> 新疆博乐市 07-03 06:04 193 14539
-1
-1
-1
0
queue
1
LeavesofGrass 浙江省杭州市 07-24 11:52 -> 广东省花都市 07-25 01:39 2409 29
1
LeavesofGrass 辽宁省抚顺市 07-17 14:24 -> 广东省花都市 07-18 01:39 2007 8252
-1
0
-1
91840
1
LeavesofGrass 新疆塔城市 07-17 07:38 -> 陕西省安康市 07-17 17:15 1826 15207
queue
-1
-1
-1
-1
-1
-1
1
LeavesofGrass 福建省建阳市 07-27 21:19 -> 河南省偃师市 07-28 03:28 860 466
-1
1
LeavesofGrass 浙江省杭州市 07-01 11:52 -> 河南省灵宝市 07-01 23:39 2295 1861
queue
BluePoison 蓝毒 that.has.sprouted@from.the 1
1
LeavesofGrass 广东省花都市 07-18 01:43 -> 河南省偃师市 07-18 03:28 232 80901
Bibeak 柏喙 in.the.development@of.the 1
1
LeavesofGrass 湖南省衡阳市 07-14 16:20 -> 河南省灵宝市 07-14 23:39 1648 1723
Angelina 安洁莉 two.great.classes@directly.fac 1
queue
-1
GreyThroat 灰喉 Freeman.and@slave.patrician 1
-1
-1
-1
-1
1
LeavesofGrass 陕西省安康市 07-13 17:25 -> 福建省建阳市 07-13 21:14 646 5148
-1
ShiraYuki 白雪 and.Danish@languages.I 3
-1
Nightmare 夜魔 policespies@Where.is 3
1
LeavesofGrass 浙江省平湖市 07-01 08:59 -> 河南省偃师市 07-02 03:28 3041 1861
-1
WaaiFu 槐琥 French.Radicals@and.German 2
Shining 闪灵 the.Spectre@of.Communism 2
Estelle 艾丝黛 Middle.Ages@We.see 3
753246
-1
queue
-1
queue
-1
-1
-1
-1
-1
-1
0
-1
queue
1
LeavesofGrass 广东省花都市 07-13 01:43 -> 新疆伊宁市 07-13 08:52 827 35715
1
LeavesofGrass 湖南省衡阳市 07-17 16:20 -> 宁夏石嘴山市 07-17 19:18 734 8252
1
LeavesofGrass 广东省四会市 07-10 15:39 -> 陕西省安康市 07-10 17:15 728 40943
-1
-1
Bagpipe 风笛 bourgeoisie@is.itself 2
queue
1
LeavesofGrass 辽宁省抚顺市 07-22 14:24 -> 新疆伊宁市 07-23 08:52 2834 770
-1
queue
-1
-1
Nightmare 夜魔 policespies@Where.is 3
-1
-1
-1
1
LeavesofGrass 黑龙江省海林市 07-19 22:56 -> 浙江省慈溪市 07-20 09:48 1511 512
160975
queue
-1
0
-1
Spot 斑点 with.a.Manifesto@of.the 1
Popukar 泡普卡 and.Chinese@markets.the 4
Cutter 刻刀 France.afterwards@in.the 1
1
LeavesofGrass 河北省河间市 07-19 18:11 -> 广东省花都市 07-20 01:39 1249 512
-1
queue
Mostima 莫斯提马 of.the.earliest@towns.From 2
Meteor 流星 The.executive@of.the 1
0
1
LeavesofGrass 广东省四会市 07-15 15:39 -> 河南省灵宝市 07-15 23:39 1888 1023
-1
1
LeavesofGrass 福建省建阳市 07-19 21:19 -> 广东省花都市 07-20 01:39 628 512
1316600
1
LeavesofGrass 河南省偃师市 07-22 03:31 -> 新疆博乐市 07-22 06:04 193 72345
1
LeavesofGrass 辽宁省抚顺市 07-11 14:24 -> 广东省花都市 07-12 01:39 2007 1098
1
LeavesofGrass 宁夏石嘴山市 07-17 19:25 -> 新疆伊宁市 07-18 08:52 1855 41192
queue
-1
-1
1
LeavesofGrass 新疆塔城市 07-13 07:38 -> 河南省偃师市 07-14 03:28 3332 771
1
LeavesofGrass 陕西省安康市 07-17 17:25 -> 河南省偃师市 07-18 03:28 1506 8252
1
LeavesofGrass 陕西省安康市 07-01 17:25 -> 新疆博乐市 07-02 06:04 1699 545
0
-1
-1
1
LeavesofGrass 河南省灵宝市 07-30 23:45 -> 新疆伊宁市 07-31 08:52 941 3286
1
LeavesofGrass 浙江省杭州市 07-10 11:52 -> 广东省四会市 07-10 15:34 407 28947
-1
Saria 塞雷娅 in.the.common@ruin.of 1
-1
-1
Platinum 白金 each.other@Bourgeoisie.and 2
-1
1
LeavesofGrass 湖南省衡阳市 07-28 16:20 -> 浙江省慈溪市 07-29 09:48 2659 340
Shining 闪灵 the.Spectre@of.Communism 2
queue
-1
-1
1
INSCRIPTIONS 广东省高要市 06-20 21:40 -> 新疆米泉市 06-21 14:38 1414 18850
-1
-1
-1
-1
0
-1
1
INSCRIPTIONS 江苏省扬州市 08-07 08:17 -> 新疆米泉市 08-07 14:38 650 48238
Ansel 安赛尔 now.open.fight@a.fight 2
1
LeavesofGrass 辽宁省抚顺市 07-17 14:24 -> 河南省灵宝市 07-17 23:39 1893 8252
queue
1
INSCRIPTIONS 云南省安宁市 07-29 20:50 -> 广东省惠阳市 07-30 01:32 289 35865
1
INSCRIPTIONS 贵州省清镇市 06-21 16:24 -> 北京市 06-22 06:40 1029 20781
1
INSCRIPTIONS 广东省高要市 08-15 21:40 -> 新疆米泉市 08-16 14:38 1414 2246
Popukar 泡普卡 and.Chinese@markets.the 4
-1
queue
Beehunter 猎蜂 these.burgesses@the.first 2
1
INSCRIPTIONS 湖北省枣阳市 08-18 12:03 -> 新疆米泉市 08-18 14:38 162 65764
-1
-1
-1
-1
0
queue
1
INSCRIPTIONS 北京市 07-25 06:46 -> 新疆米泉市 07-25 14:38 850 3991
-1
-1
Nightingale 夜莺 of.that.class@An.oppressed 1
1
INSCRIPTIONS 云南省安宁市 06-22 20:50 -> 广东省惠阳市 06-23 01:32 289 43798
-1
-1
queue
-1
0
-1
-1
queue
-1
0
1
LeavesofGrass 新疆塔城市 07-10 07:38 -> 河南省灵宝市 07-10 23:39 2986 727
-1
1
INSCRIPTIONS 广东省高要市 07-18 21:40 -> 湖北省枣阳市 07-19 11:59 1252 60274
-1
queue
-1
-1
1
INSCRIPTIONS 贵州省清镇市 08-10 16:24 -> 广东省惠阳市 08-11 01:32 618 51496
-1
1
INSCRIPTIONS 广东省高要市 08-19 21:40 -> 广东省惠阳市 08-20 01:32 153 49358
-1
-1
Vulcan 火神 commodities@generally.gave 2
queue
9742700
-1
1
LeavesofGrass 新疆塔城市 08-01 07:38 -> 宁夏石嘴山市 08-01 19:18 2072 2276
queue
1
INSCRIPTIONS 黑龙江省五大连池市 08-05 19:22 -> 湖北省枣阳市 08-06 11:59 1544 35678
-1
-1
Mayer 梅尔 colonisation@of.America 1
-1
1
LeavesofGrass 湖南省衡阳市 07-12 16:20 -> 广东省花都市 07-13 01:39 1762 104
-1
Frostleaf 霜叶 class.under@the.sway 1
Beagle 米格 feudal.ties@that.bound 4
-1
1
LeavesofGrass 河北省河间市 07-13 18:11 -> 新疆伊宁市 07-14 08:52 2076 771
-1
1
LeavesofGrass 浙江省杭州市 07-07 11:52 -> 新疆伊宁市 07-08 08:52 3236 1120
queue
BluePoison 蓝毒 that.has.sprouted@from.the 1
Firewatch 守林人 opponents.in@power.Where 2
1
LeavesofGrass 广东省花都市 07-14 01:43 -> 新疆博乐市 07-14 06:04 425 771
Plume 翎羽 serf.guildmaster@and.journeyma 2
1
INSCRIPTIONS 黑龙江省五大连池市 06-24 19:22 -> 江苏省扬州市 06-25 08:14 1056 34763
23718
1
INSCRIPTIONS 北京市 07-16 06:46 -> 江苏省扬州市 07-16 08:14 200 24604
queue
1
INSCRIPTIONS 广东省惠阳市 06-27 01:41 -> 新疆米泉市 06-27 14:38 1261 55466
1
LeavesofGrass 浙江省平湖市 07-02 08:59 -> 陕西省安康市 07-02 17:15 1535 84158
1
LeavesofGrass 辽宁省抚顺市 07-12 14:24 -> 河北省河间市 07-12 18:01 758 3891
-1
-1
queue
1
LeavesofGrass 湖南省衡阳市 07-08 16:20 -> 河南省偃师市 07-09 03:28 1994 152
-1
1
INSCRIPTIONS 广东省高要市 08-17 21:40 -> 江苏省扬州市 08-18 08:14 764 23901
-1
1
LeavesofGrass 河北省河间市 07-01 18:11 -> 新疆伊宁市 07-02 08:52 2076 1861
Sussurro 苏苏 to.industry@an.impulse 2
Sussurro 苏苏 to.industry@an.impulse 2
1
INSCRIPTIONS 贵州省清镇市 07-25 16:24 -> 云南省安宁市 07-25 20:42 329 56651
-1
-1
Flamebringer 炎客 nationalities@have.assembled 2
queue
-1
1
INSCRIPTIONS 云南省安宁市 07-17 20:50 -> 广东省高要市 07-17 21:36 136 39588
1
INSCRIPTIONS 云南省安宁市 07-22 20:50 -> 广东省惠阳市 07-23 01:32 289 35352
-1
1
INSCRIPTIONS 广东省高要市 07-12 21:40 -> 广东省惠阳市 07-13 01:32 153 70655
1
LeavesofGrass 湖南省衡阳市 07-10 16:20 -> 新疆伊宁市 07-11 08:52 2589 727
1
LeavesofGrass 新疆塔城市 06-28 07:38 -> 湖南省衡阳市 06-28 16:17 1338 25468
queue
Bibeak 柏喙 in.the.development@of.the 1
queue
-1
Steward 史都华德 society.at@large.or 1
-1
-1
1
INSCRIPTIONS 云南省安宁市 06-14 20:50 -> 广东省高要市 06-14 21:36 136 69026
-1
7556848
-1
-1
1
INSCRIPTIONS 贵州省清镇市 07-02 16:24 -> 广东省高要市 07-02 21:36 465 65873
-1
-1
-1
queue
1
INSCRIPTIONS 云南省安宁市 07-25 20:50 -> 新疆米泉市 07-26 14:38 1550 33732
3355112
queue
-1
Glaucus 格劳克斯 the.increase@in.the 2
-1
-1
-1
2
Deathlessthroughout 广东省高要市 08-17 01:15 -> 北京市 08-17 04:10 22 73160
INSCRIPTIONS 广东省高要市 08-17 21:40 -> 北京市 08-18 06:40 564 23901
Purestream 清流 party.itself@To.this 1
1090720
1
LeavesofGrass 广东省四会市 07-25 15:39 -> 新疆伊宁市 07-26 08:52 2829 969
-1
-1
-1
-1
-1
-1
1
LeavesofGrass 福建省建阳市 07-31 21:19 -> 广东省花都市 08-01 01:39 628 228
-1
Meteorite 陨星 thereby.to@the.revolutionary 3
Elysium 极境 has.simplified@the.class 3
queue
-1
1
LeavesofGrass 新疆塔城市 07-10 07:38 -> 河南省灵宝市 07-10 23:39 2986 727
-1
-1
0
1
LeavesofGrass 新疆塔城市 07-29 07:38 -> 河北省河间市 07-29 18:01 1851 8098
-1
0
1
LeavesofGrass 福建省建阳市 07-19 21:19 -> 河南省偃师市 07-20 03:28 860 512
Flamebringer 炎客 nationalities@have.assembled 2
-1
1
INSCRIPTIONS 广东省高要市 06-18 21:40 -> 新疆米泉市 06-19 14:38 1414 21574
-1
-1
4467600
queue
-1
queue
Spot 斑点 with.a.Manifesto@of.the 1
1
INSCRIPTIONS 黑龙江省五大连池市 06-18 19:22 -> 湖北省枣阳市 06-19 11:59 1544 21574
Dobermann 杜宾 in.a.word.oppressor@and.oppres 1
queue
queue
-1
-1
0
Sussurro 苏苏 to.industry@an.impulse 2
-1
1
INSCRIPTIONS 贵州省清镇市 07-05 16:24 -> 湖北省枣阳市 07-06 11:59 1717 11984
-1
-1
-1
queue
-1
-1
1
LeavesofGrass 浙江省平湖市 07-29 08:59 -> 广东省四会市 07-29 15:34 807 9578
8291216
-1
1
LeavesofGrass 广东省四会市 07-01 15:39 -> 广东省花都市 07-02 01:39 2002 545
1
INSCRIPTIONS 黑龙江省五大连池市 07-21 19:22 -> 北京市 07-22 06:40 856 58151
-1
-1
-1
-1
0
1
INSCRIPTIONS 黑龙江省五大连池市 08-19 19:22 -> 广东省高要市 08-19 21:36 292 66018
10
[success] INSCRIPTIONS 黑龙江省五大连池市 06-15 19:22 -> 湖北省枣阳市 06-16 11:59 1544 2173
[success] INSCRIPTIONS 北京市 07-11 06:46 -> 新疆米泉市 07-11 14:38 850 6637
[success] INSCRIPTIONS 黑龙江省五大连池市 06-15 19:22 -> 湖北省枣阳市 06-16 11:59 1544 2173
[success] INSCRIPTIONS 北京市 07-11 06:46 -> 新疆米泉市 07-11 14:38 850 6637
[success] LeavesofGrass 黑龙江省海林市 07-04 22:56 -> 新疆伊宁市 07-05 08:52 1441 21731
[success] INSCRIPTIONS 北京市 07-11 06:46 -> 新疆米泉市 07-11 14:38 850 6637
[success] INSCRIPTIONS 黑龙江省五大连池市 06-15 19:22 -> 湖北省枣阳市 06-16 11:59 1544 2173
[success] INSCRIPTIONS 黑龙江省五大连池市 08-14 19:22 -> 新疆米泉市 08-15 14:38 1706 14391
[success] INSCRIPTIONS 黑龙江省五大连池市 06-15 19:22 -> 湖北省枣阳市 06-16 11:59 1544 2173
[success] INSCRIPTIONS 黑龙江省五大连池市 08-14 19:22 -> 新疆米泉市 08-15 14:38 1706 14391
-1
1
LeavesofGrass 广东省四会市 07-24 15:39 -> 河北省河间市 07-24 18:01 753 8223
-1
1
INSCRIPTIONS 广东省惠阳市 07-29 01:41 -> 北京市 07-29 06:40 411 55626
7207967
Specter 幽灵鲨 has.put.an@end.to 1
-1
-1
-1
-1
-1
Savage 暴行 guilds.now@no.longer 2
1
LeavesofGrass 辽宁省抚顺市 07-28 14:24 -> 新疆伊宁市 07-29 08:52 2834 340
Chen 陈陈 into.various@orders.a 2
1
INSCRIPTIONS 黑龙江省五大连池市 06-22 19:22 -> 广东省高要市 06-22 21:36 292 54479
1
INSCRIPTIONS 广东省高要市 07-28 21:40 -> 湖北省枣阳市 07-29 11:59 1252 55626
-1
queue
Snowsant 雪雉 new.forms.of@struggle.in 2
1
INSCRIPTIONS 北京市 07-19 06:46 -> 新疆米泉市 07-19 14:38 850 65879
Angelina 安洁莉 two.great.classes@directly.fac 1
1035281
1
INSCRIPTIONS 云南省安宁市 07-30 20:50 -> 广东省高要市 07-30 21:36 136 70655
-1
-1
queue
ProjeKTRed 红红 all.feudal@patriarchal.idyllic 1
Popukar 泡普卡 and.Chinese@markets.the 4
0
Leizi 惊蛰 this.spectre@Pope.and 1
queue
queue
1
INSCRIPTIONS 云南省安宁市 08-21 20:50 -> 江苏省扬州市 08-22 08:14 900 1813
-1
1338166
queue
2099790
-1
Vulcan 火神 commodities@generally.gave 2
-1
1
INSCRIPTIONS 广东省惠阳市 08-03 01:41 -> 湖北省枣阳市 08-03 11:59 1099 64715
-1
1
LeavesofGrass 陕西省安康市 07-12 17:25 -> 河南省灵宝市 07-12 23:39 1160 104
-1
29400
1
INSCRIPTIONS 黑龙江省五大连池市 08-15 19:22 -> 广东省高要市 08-15 21:36 292 30941
-1
638595
queue
1
INSCRIPTIONS 黑龙江省五大连池市 06-30 19:22 -> 广东省惠阳市 07-01 01:32 445 54579
1
INSCRIPTIONS 黑龙江省五大连池市 08-03 19:22 -> 北京市 08-04 06:40 856 53166
-1
queue
1
INSCRIPTIONS 广东省惠阳市 06-27 01:41 -> 北京市 06-27 06:40 411 55466
1
INSCRIPTIONS 贵州省清镇市 06-28 16:24 -> 北京市 06-29 06:40 1029 27993
1
LeavesofGrass 黑龙江省海林市 07-21 22:56 -> 河南省灵宝市 07-21 23:39 500 3781
-1
1
LeavesofGrass 浙江省平湖市 08-02 08:59 -> 陕西省安康市 08-02 17:15 1535 26223
GreyThroat 灰喉 Freeman.and@slave.patrician 1
-1
Grani 格拉尼 serfs.of.the@Middle.Ages 1
1
LeavesofGrass 河北省河间市 07-11 18:11 -> 福建省建阳市 07-11 21:14 621 1098
0
1
INSCRIPTIONS 北京市 07-14 06:46 -> 江苏省扬州市 07-14 08:14 200 55076
-1
1
LeavesofGrass 黑龙江省海林市 07-03 22:56 -> 广东省花都市 07-04 01:39 614 1792
-1
-1
queue
-1
-1
-1
-1
Indra 因陀罗 ruins.of.feudal@society.has 1
-1
1
INSCRIPTIONS 贵州省清镇市 07-25 16:24 -> 广东省惠阳市 07-26 01:32 618 33732
queue
-1
0
-1
-1
1
INSCRIPTIONS 贵州省清镇市 07-13 16:24 -> 广东省高要市 07-13 21:36 465 1817
Skadi 斯卡 slaves.in.the@Middle.Ages 2
-1
-1
1
LeavesofGrass 宁夏石嘴山市 07-27 19:25 -> 浙江省慈溪市 07-28 09:48 1925 80
1
INSCRIPTIONS 广东省惠阳市 07-03 01:41 -> 北京市 07-03 06:40 411 67371
-1
1
INSCRIPTIONS 黑龙江省五大连池市 07-02 19:22 -> 广东省惠阳市 07-03 01:32 445 65873
queue
1
LeavesofGrass 陕西省安康市 08-02 17:25 -> 新疆博乐市 08-03 06:04 1699 34612
Ethan 伊桑 acknowledged@by.all 3
Durnar 坚雷 adversaries@Two.things 1
1
LeavesofGrass 新疆塔城市 07-03 07:38 -> 河北省河间市 07-03 18:01 1851 12732
1
LeavesofGrass 广东省四会市 07-27 15:39 -> 宁夏石嘴山市 07-27 19:18 974 47086
1
LeavesofGrass 新疆塔城市 07-06 07:38 -> 辽宁省抚顺市 07-06 14:21 1093 15200
Firewatch 守林人 opponents.in@power.Where 2
3205062
-1
-1
11
[pending] INSCRIPTIONS 广东省高要市 08-14 21:40 -> 广东省惠阳市 08-15 01:32 153 13605
[success] INSCRIPTIONS 广东省惠阳市 08-11 01:41 -> 湖北省枣阳市 08-11 11:59 1099 6244
[success] INSCRIPTIONS 广东省高要市 08-14 21:40 -> 广东省惠阳市 08-15 01:32 153 13605
[success] LeavesofGrass 黑龙江省海林市 06-30 22:56 -> 河南省灵宝市 06-30 23:39 500 11982
[success] INSCRIPTIONS 广东省惠阳市 08-11 01:41 -> 湖北省枣阳市 08-11 11:59 1099 6244
[pending] INSCRIPTIONS 广东省高要市 08-14 21:40 -> 广东省惠阳市 08-15 01:32 153 13605
[success] INSCRIPTIONS 广东省惠阳市 08-11 01:41 -> 湖北省枣阳市 08-11 11:59 1099 6244
[success] INSCRIPTIONS 广东省高要市 08-20 21:40 -> 广东省惠阳市 08-21 01:32 153 12640
[success] puzzletheNewWorld 辽宁省辽阳市 07-18 13:05 -> 湖南省岳阳市 07-18 16:56 379 6111
[success] puzzletheNewWorld 黑龙江省尚志市 07-18 20:11 -> 北京市 07-19 02:45 159 3575
[success] IHEARDthatyouask 天津市 07-24 06:35 -> 四川省彭州市 07-24 23:13 249 17863
1
INSCRIPTIONS 北京市 08-09 06:46 -> 湖北省枣阳市 08-09 11:59 688 26566
-1
-1
queue
1
LeavesofGrass 新疆塔城市 07-13 07:38 -> 广东省四会市 07-13 15:34 1098 3802
queue
1
LeavesofGrass 陕西省安康市 07-17 17:25 -> 河北省河间市 07-17 18:01 25 8252
2
INSCRIPTIONS 贵州省清镇市 07-30 16:24 -> 北京市 07-31 06:40 1029 70655
Afterastrangesad 贵州省清镇市 07-30 02:07 -> 北京市 07-30 20:52 3421 68496
Skadi 斯卡 slaves.in.the@Middle.Ages 2
29
[pending] LeavesofGrass 广东省四会市 07-16 15:39 -> 新疆伊宁市 07-17 08:52 2829 14699
[pending] LeavesofGrass 宁夏石嘴山市 07-04 19:25 -> 黑龙江省海林市 07-04 22:46 414 17697
[pending] LeavesofGrass 广东省四会市 07-16 15:39 -> 新疆伊宁市 07-17 08:52 2829 14699
[pending] LeavesofGrass 宁夏石嘴山市 07-04 19:25 -> 黑龙江省海林市 07-04 22:46 414 17697
[success] LeavesofGrass 浙江省平湖市 07-12 08:59 -> 浙江省杭州市 07-12 11:46 400 12220
[pending] INSCRIPTIONS 北京市 08-22 06:46 -> 湖北省枣阳市 08-22 11:59 688 10582
[success] LeavesofGrass 湖南省衡阳市 07-08 16:20 -> 新疆博乐市 07-09 06:04 2187 6959
[success] INSCRIPTIONS 北京市 06-16 06:46 -> 湖北省枣阳市 06-16 11:59 688 6555
[success] LeavesofGrass 浙江省杭州市 07-15 11:52 -> 广东省花都市 07-16 01:39 2409 2196
[success] LeavesofGrass 广东省四会市 07-16 15:39 -> 新疆伊宁市 07-17 08:52 2829 14699
[pending] LeavesofGrass 宁夏石嘴山市 06-28 19:25 -> 浙江省慈溪市 06-29 09:48 1925 7880
[success] puzzletheNewWorld 湖南省岳阳市 07-30 17:01 -> 北京市 07-31 02:45 585 8412
[success] IHEARDthatyouask 天津市 07-12 06:35 -> 广东省云浮市 07-12 18:52 229 78
[success] LeavesofGrass 陕西省安康市 07-18 17:25 -> 福建省建阳市 07-18 21:14 646 8932
[success] LeavesofGrass 河南省偃师市 07-19 03:31 -> 新疆博乐市 07-19 06:04 193 20398
[success] LeavesofGrass 浙江省杭州市 07-15 11:52 -> 广东省花都市 07-16 01:39 2409 2196
[pending] LeavesofGrass 浙江省平湖市 07-13 08:59 -> 广东省花都市 07-14 01:39 2809 13309
[pending] LeavesofGrass 广东省四会市 07-16 15:39 -> 新疆伊宁市 07-17 08:52 2829 14699
[success] INSCRIPTIONS 江苏省扬州市 08-01 08:17 -> 新疆米泉市 08-01 14:38 650 12277
[success] INSCRIPTIONS 广东省高要市 08-05 21:40 -> 广东省惠阳市 08-06 01:32 153 5563
[success] INSCRIPTIONS 湖北省枣阳市 06-19 12:03 -> 新疆米泉市 06-19 14:38 162 17014
[success] IHEARDthatyouask 新疆吐鲁番市 08-04 05:55 -> 广东省云浮市 08-04 18:52 725 14320
[success] LeavesofGrass 宁夏石嘴山市 07-04 19:25 -> 黑龙江省海林市 07-04 22:46 414 17697
[success] puzzletheNewWorld 辽宁省辽阳市 08-15 13:05 -> 北京市 08-16 02:45 964 10385
[success] INSCRIPTIONS 广东省惠阳市 06-29 01:41 -> 北京市 06-29 06:40 411 2192
[success] TOFOREIGNLANDS 湖北省洪湖市 06-26 11:29 -> 辽宁省铁岭市 06-26 12:11 84 8075
[success] INSCRIPTIONS 贵州省清镇市 06-28 16:24 -> 广东省高要市 06-28 21:36 465 6169
[pending] LeavesofGrass 河北省河间市 07-09 18:11 -> 新疆博乐市 07-10 06:04 1674 22349
[refunded] LeavesofGrass 新疆塔城市 08-01 07:38 -> 广东省花都市 08-02 01:39 3100 2877
1
LeavesofGrass 河南省灵宝市 07-07 23:45 -> 浙江省慈溪市 07-08 09:48 1011 7295
-1
queue
1
LeavesofGrass 河南省偃师市 07-03 03:31 -> 浙江省慈溪市 07-03 09:48 665 14188
1
LeavesofGrass 新疆塔城市 07-03 07:38 -> 河南省偃师市 07-04 03:28 3332 901
1
INSCRIPTIONS 贵州省清镇市 07-25 16:24 -> 广东省惠阳市 07-26 01:32 618 33732
1
LeavesofGrass 新疆塔城市 07-23 07:38 -> 浙江省平湖市 07-23 08:52 291 98306
-1
Mayer 梅尔 colonisation@of.America 1
queue
1
LeavesofGrass 广东省四会市 07-22 15:39 -> 陕西省安康市 07-22 17:15 728 25763
1
INSCRIPTIONS 江苏省扬州市 07-14 08:17 -> 湖北省枣阳市 07-14 11:59 488 70655
1
LeavesofGrass 浙江省杭州市 07-03 11:52 -> 河南省偃师市 07-04 03:28 2641 901
-1
0
Provence 普罗旺 face.of.the@whole.world 1
-1
7774816
-1
Platinum 白金 each.other@Bourgeoisie.and 2
-1
Eyjafjalla 艾雅法拉 its.place.The@guildmasters.wer 2
1
LeavesofGrass 宁夏石嘴山市 07-26 19:25 -> 福建省建阳市 07-26 21:14 400 25881
queue
-1
1
LeavesofGrass 福建省建阳市 08-01 21:19 -> 浙江省慈溪市 08-02 09:48 1525 19154
1
LeavesofGrass 辽宁省抚顺市 07-15 14:24 -> 新疆博乐市 07-16 06:04 2432 1023
-1
1
INSCRIPTIONS 云南省安宁市 06-15 20:50 -> 江苏省扬州市 06-16 08:14 900 54612
1
LeavesofGrass 新疆塔城市 07-12 07:38 -> 广东省花都市 07-13 01:39 3100 104
0
60
[pending] LeavesofGrass 浙江省平湖市 07-04 08:59 -> 陕西省安康市 07-04 17:15 1535 23018
[success] LeavesofGrass 新疆塔城市 07-25 07:38 -> 广东省四会市 07-25 15:34 1098 2919
[pending] LeavesofGrass 河北省河间市 07-29 18:11 -> 宁夏石嘴山市 07-29 19:18 221 13309
[pending] INSCRIPTIONS 贵州省清镇市 07-13 16:24 -> 北京市 07-14 06:40 1029 15171
[pending] LeavesofGrass 广东省花都市 07-29 01:43 -> 新疆伊宁市 07-29 08:52 827 16611
[success] INSCRIPTIONS 北京市 06-17 06:46 -> 湖北省枣阳市 06-17 11:59 688 1553
[pending] LeavesofGrass 浙江省杭州市 07-23 11:52 -> 黑龙江省海林市 07-23 22:46 1795 13472
[pending] LeavesofGrass 河南省灵宝市 06-28 23:45 -> 新疆博乐市 06-29 06:04 539 22553
[pending] INSCRIPTIONS 贵州省清镇市 08-12 16:24 -> 新疆米泉市 08-13 14:38 1879 7632
[success] INSCRIPTIONS 云南省安宁市 07-05 20:50 -> 广东省惠阳市 07-06 01:32 289 9367
[pending] LeavesofGrass 浙江省平湖市 07-04 08:59 -> 陕西省安康市 07-04 17:15 1535 23018
[success] LeavesofGrass 新疆塔城市 07-25 07:38 -> 广东省四会市 07-25 15:34 1098 2919
[pending] LeavesofGrass 河北省河间市 07-29 18:11 -> 宁夏石嘴山市 07-29 19:18 221 13309
[success] INSCRIPTIONS 贵州省清镇市 07-13 16:24 -> 北京市 07-14 06:40 1029 15171
[pending] LeavesofGrass 广东省四会市 07-05 15:39 -> 福建省建阳市 07-05 21:14 1374 21326
[success] LeavesofGrass 广东省花都市 07-29 01:43 -> 新疆伊宁市 07-29 08:52 827 16611
[pending] LeavesofGrass 浙江省杭州市 07-23 11:52 -> 黑龙江省海林市 07-23 22:46 1795 13472
[pending] LeavesofGrass 河南省灵宝市 06-28 23:45 -> 新疆博乐市 06-29 06:04 539 22553
[success] INSCRIPTIONS 贵州省清镇市 08-12 16:24 -> 新疆米泉市 08-13 14:38 1879 7632
[success] INSCRIPTIONS 北京市 06-17 06:46 -> 湖北省枣阳市 06-17 11:59 688 1553
[success] puzzletheNewWorld 辽宁省辽阳市 08-17 13:05 -> 北京市 08-18 02:45 964 4963
[pending] LeavesofGrass 广东省四会市 07-05 15:39 -> 福建省建阳市 07-05 21:14 1374 21326
[success] INSCRIPTIONS 云南省安宁市 07-05 20:50 -> 广东省惠阳市 07-06 01:32 289 9367
[success] INSCRIPTIONS 北京市 06-17 06:46 -> 湖北省枣阳市 06-17 11:59 688 1553
[pending] LeavesofGrass 广东省四会市 08-01 15:39 -> 河南省灵宝市 08-01 23:39 1888 24557
[success] INSCRIPTIONS 黑龙江省五大连池市 07-22 19:22 -> 云南省安宁市 07-22 20:42 156 15250
[pending] LeavesofGrass 浙江省平湖市 07-04 08:59 -> 陕西省安康市 07-04 17:15 1535 23018
[success] LeavesofGrass 新疆塔城市 07-25 07:38 -> 广东省四会市 07-25 15:34 1098 2919
[success] LeavesofGrass 河北省河间市 07-29 18:11 -> 宁夏石嘴山市 07-29 19:18 221 13309
[success] INSCRIPTIONS 黑龙江省五大连池市 06-30 19:22 -> 广东省惠阳市 07-01 01:32 445 857
[success] INSCRIPTIONS 贵州省清镇市 07-13 16:24 -> 北京市 07-14 06:40 1029 15171
[pending] LeavesofGrass 辽宁省抚顺市 07-13 14:24 -> 湖南省衡阳市 07-13 16:17 245 18543
[success] INSCRIPTIONS 云南省安宁市 07-05 20:50 -> 广东省惠阳市 07-06 01:32 289 9367
[success] IHEARDthatyouask 天津市 07-18 06:35 -> 四川省彭州市 07-18 23:13 249 14581
[pending] LeavesofGrass 浙江省平湖市 07-04 08:59 -> 陕西省安康市 07-04 17:15 1535 23018
[success] LeavesofGrass 新疆塔城市 07-25 07:38 -> 广东省四会市 07-25 15:34 1098 2919
[pending] LeavesofGrass 河北省河间市 07-29 18:11 -> 宁夏石嘴山市 07-29 19:18 221 13309
[success] INSCRIPTIONS 贵州省清镇市 07-13 16:24 -> 北京市 07-14 06:40 1029 15171
[success] puzzletheNewWorld 湖南省岳阳市 07-22 17:01 -> 北京市 07-23 02:45 585 1467
[success] IHEARDthatyouask 新疆吐鲁番市 08-03 05:55 -> 天津市 08-03 06:30 496 9496
[success] LeavesofGrass 浙江省杭州市 07-23 11:52 -> 黑龙江省海林市 07-23 22:46 1795 13472
[success] LeavesofGrass 河南省灵宝市 06-28 23:45 -> 新疆博乐市 06-29 06:04 539 22553
[success] whatyouwanted 新疆阿克苏市 08-04 15:58 -> 湖北省松滋市 08-04 21:35 1257 7001
[success] LeavesofGrass 新疆塔城市 07-21 07:38 -> 宁夏石嘴山市 07-21 19:18 2072 13403
[success] IHEARDthatyouask 天津市 08-06 06:35 -> 四川省彭州市 08-06 23:13 249 3415
[success] INSCRIPTIONS 贵州省清镇市 08-12 16:24 -> 新疆米泉市 08-13 14:38 1879 7632
[success] IHEARDthatyouask 新疆吐鲁番市 07-25 05:55 -> 四川省彭州市 07-25 23:13 745 18745
[success] INSCRIPTIONS 北京市 07-01 06:46 -> 湖北省枣阳市 07-01 11:59 688 2304
[success] LeavesofGrass 浙江省杭州市 07-23 11:52 -> 黑龙江省海林市 07-23 22:46 1795 13472
[pending] LeavesofGrass 河南省灵宝市 06-28 23:45 -> 新疆博乐市 06-29 06:04 539 22553
[success] INSCRIPTIONS 贵州省清镇市 08-12 16:24 -> 新疆米泉市 08-13 14:38 1879 7632
[pending] LeavesofGrass 浙江省平湖市 07-29 08:59 -> 黑龙江省海林市 07-29 22:46 2195 19208
[pending] LeavesofGrass 新疆塔城市 07-04 07:38 -> 河北省河间市 07-04 18:01 1851 5208
[success] LeavesofGrass 浙江省平湖市 06-28 08:59 -> 辽宁省抚顺市 06-28 14:21 802 18023
[success] LeavesofGrass 陕西省安康市 08-04 17:25 -> 广东省花都市 08-05 01:39 1274 14176
[success] LeavesofGrass 浙江省平湖市 07-07 08:59 -> 辽宁省抚顺市 07-07 14:21 802 12318
[pending] LeavesofGrass 陕西省安康市 06-29 17:25 -> 福建省建阳市 06-29 21:14 646 19093
[success] LeavesofGrass 河南省偃师市 07-16 03:31 -> 浙江省慈溪市 07-16 09:48 665 22201
[success] INSCRIPTIONS 黑龙江省五大连池市 08-01 19:22 -> 江苏省扬州市 08-02 08:14 1056 5163
[pending] LeavesofGrass 广东省四会市 07-05 15:39 -> 福建省建阳市 07-05 21:14 1374 21326
Adnachiel 安德切 and.has.left@remaining.no 2
-1
0
8661536
-1
0
-1
1
INSCRIPTIONS 广东省高要市 06-14 21:40 -> 新疆米泉市 06-15 14:38 1414 62197
-1
-1
10
[success] INSCRIPTIONS 黑龙江省五大连池市 07-18 19:22 -> 北京市 07-19 06:40 856 10381
[success] LeavesofGrass 陕西省安康市 07-31 17:25 -> 广东省花都市 08-01 01:39 1274 21139
[success] LeavesofGrass 黑龙江省海林市 07-19 22:56 -> 浙江省慈溪市 07-20 09:48 1511 21903
[success] LeavesofGrass 广东省四会市 07-28 15:39 -> 宁夏石嘴山市 07-28 19:18 974 12046
[success] LeavesofGrass 浙江省平湖市 07-06 08:59 -> 广东省四会市 07-06 15:34 807 3065
[success] LeavesofGrass 陕西省安康市 07-11 17:25 -> 河南省灵宝市 07-11 23:39 1160 10737
[success] INSCRIPTIONS 贵州省清镇市 06-24 16:24 -> 湖北省枣阳市 06-25 11:59 1717 10781
[pending] LeavesofGrass 河南省灵宝市 07-04 23:45 -> 广东省花都市 07-05 01:39 114 23649
[success] INSCRIPTIONS 黑龙江省五大连池市 07-13 19:22 -> 云南省安宁市 07-13 20:42 156 13871
[success] LeavesofGrass 福建省建阳市 07-04 21:19 -> 广东省花都市 07-05 01:39 628 22385
-1
0
1
INSCRIPTIONS 广东省惠阳市 08-12 01:41 -> 北京市 08-12 06:40 411 53073
2
INSCRIPTIONS 贵州省清镇市 08-03 16:24 -> 北京市 08-04 06:40 1029 53166
Afterastrangesad 贵州省清镇市 08-03 02:07 -> 北京市 08-03 20:52 3421 52590
queue
Chen 陈陈 into.various@orders.a 2
-1
queue
-1
1
LeavesofGrass 浙江省平湖市 08-03 08:59 -> 河南省偃师市 08-04 03:28 3041 2780
-1
0
2707063
1
INSCRIPTIONS 云南省安宁市 06-28 20:50 -> 广东省惠阳市 06-29 01:32 289 45548
-1
-1
1
LeavesofGrass 河北省河间市 07-22 18:11 -> 新疆博乐市 07-23 06:04 1674 770
-1
-1
-1
queue
1
LeavesofGrass 辽宁省抚顺市 07-04 14:24 -> 湖南省衡阳市 07-04 16:17 245 59222
Executor 送葬人 history.of@all.hitherto 1
Durin 杜林 armed.and.selfgoverning@associ 1
queue
Rope 暗索 pushed.on.one@side.by 1
746060
queue
1
LeavesofGrass 新疆塔城市 07-29 07:38 -> 宁夏石嘴山市 07-29 19:18 2072 6145
1
LeavesofGrass 新疆塔城市 07-29 07:38 -> 新疆伊宁市 07-30 08:52 3927 1080
-1
0
-1
1
INSCRIPTIONS 云南省安宁市 07-16 20:50 -> 湖北省枣阳市 07-17 11:59 1388 52594
queue
1
INSCRIPTIONS 广东省惠阳市 07-30 01:41 -> 江苏省扬州市 07-30 08:14 611 37757
queue
1
INSCRIPTIONS 贵州省清镇市 08-03 16:24 -> 江苏省扬州市 08-04 08:14 1229 53166
-1
-1
Conviction 断罪 vanished.in@the.face 2
-1
1
LeavesofGrass 浙江省杭州市 07-12 11:52 -> 河南省偃师市 07-13 03:28 2641 104
2
Deathlessthroughout 广东省高要市 07-13 01:15 -> 北京市 07-13 04:10 22 73160
INSCRIPTIONS 广东省高要市 07-13 21:40 -> 北京市 07-14 06:40 564 5581
2531100
1
INSCRIPTIONS 广东省高要市 06-27 21:40 -> 江苏省扬州市 06-28 08:14 764 1438
Broca 布洛 independent@urban.republic 1
0
Mostima 莫斯提马 of.the.earliest@towns.From 2
2064554
1
LeavesofGrass 陕西省安康市 07-17 17:25 -> 河北省河间市 07-17 18:01 25 8252
-1
Franka 芙兰 of.division@of.labour 1
1
LeavesofGrass 浙江省平湖市 07-31 08:59 -> 湖南省衡阳市 07-31 16:17 1047 5386
-1
queue
1
LeavesofGrass 福建省建阳市 06-30 21:19 -> 河南省灵宝市 06-30 23:39 514 24302
-1
1
LeavesofGrass 宁夏石嘴山市 07-21 19:25 -> 浙江省慈溪市 07-22 09:48 1925 3781
1
INSCRIPTIONS 云南省安宁市 08-20 20:50 -> 广东省高要市 08-20 21:36 136 24675
1
INSCRIPTIONS 贵州省清镇市 07-16 16:24 -> 黑龙江省五大连池市 07-16 19:12 173 56719
1
LeavesofGrass 河南省灵宝市 07-07 23:45 -> 浙江省慈溪市 07-08 09:48 1011 7295
-1
-1
0
1
LeavesofGrass 浙江省平湖市 07-21 08:59 -> 河北省河间市 07-21 18:01 1560 26734
1
INSCRIPTIONS 江苏省扬州市 06-16 08:17 -> 新疆米泉市 06-16 14:38 650 54612
3166240
1
LeavesofGrass 宁夏石嘴山市 07-12 19:25 -> 河南省灵宝市 07-12 23:39 914 104
-1
0
-1
-1
1
INSCRIPTIONS 广东省惠阳市 08-11 01:41 -> 江苏省扬州市 08-11 08:14 611 32569
-1
1
INSCRIPTIONS 云南省安宁市 07-29 20:50 -> 广东省高要市 07-29 21:36 136 35865
1
LeavesofGrass 黑龙江省海林市 07-06 22:56 -> 新疆伊宁市 07-07 08:52 1441 1280
1
LeavesofGrass 广东省四会市 07-24 15:39 -> 新疆博乐市 07-25 06:04 2427 29
-1
-1
164016
1
INSCRIPTIONS 贵州省清镇市 08-12 16:24 -> 江苏省扬州市 08-13 08:14 1229 4783
Sora 空空 have.patricians@knights.plebei 1
-1
0
Schwarz 黑黑 of.manufacture@was.taken 1
-1
6862156
Cuora 蛇屠 there.taxable@third.estate 1
queue
-1
Skadi 斯卡 slaves.in.the@Middle.Ages 2
1
INSCRIPTIONS 贵州省清镇市 08-10 16:24 -> 湖北省枣阳市 08-11 11:59 1717 26325
queue
Meteor 流星 The.executive@of.the 1
3701801
1
LeavesofGrass 新疆伊宁市 07-03 08:57 -> 浙江省慈溪市 07-03 09:48 70 96902
queue
Plume 翎羽 serf.guildmaster@and.journeyma 2
0
1
INSCRIPTIONS 黑龙江省五大连池市 06-18 19:22 -> 云南省安宁市 06-18 20:42 156 45905
Hibiscus 芙蓉 Communistic@by.its 1
-1
0
Midnight 月见夜 longer.sufficed@Thereupon.stea 1
1
LeavesofGrass 湖南省衡阳市 07-06 16:20 -> 新疆博乐市 07-07 06:04 2187 1280
19391256
Firewatch 守林人 opponents.in@power.Where 2
Skyfire 天火 published.in@the.English 1
Hibiscus 芙蓉 Communistic@by.its 1
1
LeavesofGrass 陕西省安康市 07-26 17:25 -> 河南省灵宝市 07-26 23:39 1160 8987
Cuora 蛇屠 there.taxable@third.estate 1
1
LeavesofGrass 新疆塔城市 07-27 07:38 -> 广东省花都市 07-28 01:39 3100 8682
76657
-1
1
INSCRIPTIONS 广东省高要市 08-13 21:40 -> 新疆米泉市 08-14 14:38 1414 67526
queue
7732352
1
LeavesofGrass 新疆塔城市 07-13 07:38 -> 河南省偃师市 07-14 03:28 3332 771
-1
queue
-1
-1
-1
Yato 夜刀 meet.this.nursery@tale.of 3
Fang 芬芬 sufficed.for@the.growing 1
1
LeavesofGrass 浙江省平湖市 07-30 08:59 -> 广东省花都市 07-31 01:39 2809 1248
-1
0
1
LeavesofGrass 辽宁省抚顺市 07-02 14:24 -> 新疆伊宁市 07-03 08:52 2834 40
1
LeavesofGrass 河北省河间市 06-28 18:11 -> 浙江省慈溪市 06-29 09:48 2146 384
-1
Grani 格拉尼 serfs.of.the@Middle.Ages 1
queue
Utage 宴宴 and.machinery@revolutionised.i 2
-1
1
LeavesofGrass 辽宁省抚顺市 07-30 14:24 -> 福建省建阳市 07-30 21:14 1379 10688
1
INSCRIPTIONS 贵州省清镇市 06-16 16:24 -> 湖北省枣阳市 06-17 11:59 1717 2216
1
LeavesofGrass 河南省偃师市 07-05 03:31 -> 新疆伊宁市 07-05 08:52 595 1445
1
LeavesofGrass 河北省河间市 07-31 18:11 -> 广东省花都市 08-01 01:39 1249 228
1
LeavesofGrass 黑龙江省海林市 07-16 22:56 -> 新疆博乐市 07-17 06:04 1039 53179
Hung 吽吽 itself.a.Power@II.It 1
-1
-1
Franka 芙兰 of.division@of.labour 1
Gitano 远山 sprang.the@chartered.burghers 1
1
INSCRIPTIONS 广东省惠阳市 08-21 01:41 -> 北京市 08-21 06:40 411 41118
1
LeavesofGrass 浙江省平湖市 08-01 08:59 -> 辽宁省抚顺市 08-01 14:21 802 13725
1
LeavesofGrass 湖南省衡阳市 07-30 16:20 -> 福建省建阳市 07-30 21:14 1134 10688
queue
1
LeavesofGrass 广东省四会市 07-20 15:39 -> 湖南省衡阳市 07-20 16:17 240 50060
1
INSCRIPTIONS 云南省安宁市 07-31 20:50 -> 广东省高要市 07-31 21:36 136 69321
1
INSCRIPTIONS 广东省高要市 08-04 21:40 -> 湖北省枣阳市 08-05 11:59 1252 51744
-1
Ansel 安赛尔 now.open.fight@a.fight 2
-1
-1
Liskarm 雷蛇 of.the.feudal@nobility.an 1
2
Deathlessthroughout 广东省高要市 08-07 01:15 -> 北京市 08-07 04:10 22 73160
INSCRIPTIONS 广东省高要市 08-07 21:40 -> 北京市 08-08 06:40 564 35853
-1
-1
1
LeavesofGrass 新疆塔城市 06-28 07:38 -> 陕西省安康市 06-28 17:15 1826 5971
queue
1
INSCRIPTIONS 贵州省清镇市 07-04 16:24 -> 广东省惠阳市 07-05 01:32 618 47585
5641450
4580632
1
LeavesofGrass 新疆塔城市 07-28 07:38 -> 湖南省衡阳市 07-28 16:17 1338 16880
queue
Mostima 莫斯提马 of.the.earliest@towns.From 2
-1
1
LeavesofGrass 广东省花都市 07-13 01:43 -> 新疆伊宁市 07-13 08:52 827 35715
-1
1
LeavesofGrass 新疆塔城市 07-28 07:38 -> 福建省建阳市 07-28 21:14 2472 340
1
LeavesofGrass 浙江省杭州市 07-05 11:52 -> 辽宁省抚顺市 07-05 14:21 402 56817
8712000
-1
-1
3872352
queue
1
INSCRIPTIONS 贵州省清镇市 08-18 16:24 -> 新疆米泉市 08-19 14:38 1879 65606
queue
-1
0
Adnachiel 安德切 and.has.left@remaining.no 2
queue
1
INSCRIPTIONS 广东省惠阳市 07-01 01:41 -> 北京市 07-01 06:40 411 69161
1
LeavesofGrass 河北省河间市 07-05 18:11 -> 黑龙江省海林市 07-05 22:46 635 408
queue
-1
1
INSCRIPTIONS 北京市 07-10 06:46 -> 新疆米泉市 07-10 14:38 850 39843
1068464
0
1
INSCRIPTIONS 贵州省清镇市 07-08 16:24 -> 北京市 07-09 06:40 1029 35392
-1
Ceylon 锡兰 the.contending@classes.In 1
1
LeavesofGrass 浙江省杭州市 07-14 11:52 -> 广东省花都市 07-15 01:39 2409 315
1
INSCRIPTIONS 广东省高要市 08-12 21:40 -> 江苏省扬州市 08-13 08:14 764 4783
1
INSCRIPTIONS 黑龙江省五大连池市 06-20 19:22 -> 新疆米泉市 06-21 14:38 1706 7053
1
LeavesofGrass 陕西省安康市 08-04 17:25 -> 宁夏石嘴山市 08-04 19:18 246 22675
1
LeavesofGrass 福建省建阳市 07-16 21:19 -> 新疆伊宁市 07-17 08:52 1455 44493
Cuora 蛇屠 there.taxable@third.estate 1
-1
-1
-1
-1
queue
1
INSCRIPTIONS 贵州省清镇市 06-26 16:24 -> 新疆米泉市 06-27 14:38 1879 55466
1
LeavesofGrass 河南省灵宝市 07-09 23:45 -> 新疆博乐市 07-10 06:04 539 2060
queue
-1
Steward 史都华德 society.at@large.or 1
-1
1
LeavesofGrass 河北省河间市 07-07 18:11 -> 广东省花都市 07-08 01:39 1249 1120
-1
Skyfire 天火 published.in@the.English 1
-1
1
LeavesofGrass 浙江省杭州市 07-30 11:52 -> 福建省建阳市 07-30 21:14 1781 10688
1
LeavesofGrass 新疆塔城市 08-04 07:38 -> 新疆博乐市 08-05 06:04 3525 1016
-1
1
INSCRIPTIONS 湖北省枣阳市 07-10 12:03 -> 新疆米泉市 07-10 14:38 162 47836
1407900
1
LeavesofGrass 河南省偃师市 07-11 03:31 -> 新疆伊宁市 07-11 08:52 595 31901
Meteorite 陨星 thereby.to@the.revolutionary 3
2453486
queue
Zima 凛冬 industrial@production.was 2
1
LeavesofGrass 广东省四会市 07-31 15:39 -> 湖南省衡阳市 07-31 16:17 240 31599
Ptilopsis 白面鸮 this.distinctive@feature.it 2
1
INSCRIPTIONS 北京市 07-23 06:46 -> 江苏省扬州市 07-23 08:14 200 42454
-1
-1
-1
1
INSCRIPTIONS 广东省惠阳市 06-16 01:41 -> 北京市 06-16 06:40 411 61167
1
INSCRIPTIONS 云南省安宁市 07-31 20:50 -> 北京市 08-01 06:40 700 64689
1
LeavesofGrass 河北省河间市 07-26 18:11 -> 广东省花都市 07-27 01:39 1249 451
Midnight 月见夜 longer.sufficed@Thereupon.stea 1
-1
1
LeavesofGrass 浙江省平湖市 07-14 08:59 -> 广东省花都市 07-15 01:39 2809 315
queue
-1
Franka 芙兰 of.division@of.labour 1
Ambriel 安比 itself.in.the@modern.represent 1
1
INSCRIPTIONS 黑龙江省五大连池市 08-01 19:22 -> 广东省惠阳市 08-02 01:32 445 45460
1
INSCRIPTIONS 北京市 07-21 06:46 -> 新疆米泉市 07-21 14:38 850 24107
2318688
-1
1
LeavesofGrass 湖南省衡阳市 07-25 16:20 -> 黑龙江省海林市 07-25 22:46 1148 969
Flamebringer 炎客 nationalities@have.assembled 2
1
INSCRIPTIONS 云南省安宁市 07-21 20:50 -> 湖北省枣阳市 07-22 11:59 1388 44482
-1
-1
-1
1
LeavesofGrass 新疆伊宁市 07-20 08:57 -> 浙江省慈溪市 07-20 09:48 70 67237
-1
-1
Ceylon 锡兰 the.contending@classes.In 1
Cutter 刻刀 France.afterwards@in.the 1
bye
